04-24 15:52:40.850   236   379 W Vold    : Skipping fs checks
04-24 15:52:40.900   236   379 D Vold    : Volume sdcard state changing 3 (Checking) -> 4 (Mounted)
04-24 15:52:41.000   236   379 D Vold    : Volume sdcard1 state changing 7 (Shared-Unmounted) -> 1 (Idle-Unmounted)
04-24 15:52:41.000   236   379 I Vold    : /dev/block/vold/179:65 being considered for volume sdcard1
04-24 15:52:41.000   236   379 D Vold    : Volume sdcard1 state changing 1 (Idle-Unmounted) -> 3 (Checking)
04-24 15:52:41.000   236   379 W Vold    : Skipping fs checks
04-24 15:52:41.080   236   379 D Vold    : Volume sdcard1 state changing 3 (Checking) -> 4 (Mounted)
04-24 15:52:50.760   236   379 D Vold    : Volume sdcard state changing 4 (Mounted) -> 5 (Unmounting)
04-24 15:52:51.770   236   379 I Vold    : /mnt/media_rw/sdcard sucessfully unmounted
04-24 15:52:51.770   236   379 I Vold    : /mnt/media_rw/sdcard unmounted successfully
04-24 15:52:51.770   236   379 D Vold    : Volume sdcard state changing 5 (Unmounting) -> 1 (Idle-Unmounted)
04-24 15:52:51.780   236   379 D Vold    : Volume sdcard state changing 1 (Idle-Unmounted) -> 7 (Shared-Unmounted)
04-24 15:52:51.840   236   379 D Vold    : Volume sdcard1 state changing 4 (Mounted) -> 5 (Unmounting)
04-24 15:52:52.870   236   379 I Vold    : /mnt/media_rw/sdcard1 sucessfully unmounted
04-24 15:52:52.870   236   379 I Vold    : /mnt/media_rw/sdcard1 unmounted successfully
04-24 15:52:52.870   236   379 D Vold    : Volume sdcard1 state changing 5 (Unmounting) -> 1 (Idle-Unmounted)
04-24 15:52:52.880   236   379 D Vold    : Volume sdcard1 state changing 1 (Idle-Unmounted) -> 7 (Shared-Unmounted)
04-24 15:53:34.404   236   379 D Vold    : Volume sdcard state changing 7 (Shared-Unmounted) -> 1 (Idle-Unmounted)
04-24 15:53:34.414   236   379 I Vold    : /dev/block/vold/179:30 being considered for volume sdcard
04-24 15:53:34.414   236   379 D Vold    : Volume sdcard state changing 1 (Idle-Unmounted) -> 3 (Checking)
04-24 15:53:34.414   236   379 W Vold    : Skipping fs checks
04-24 15:53:34.454   236   379 D Vold    : Volume sdcard state changing 3 (Checking) -> 4 (Mounted)
04-24 15:53:34.514   236   379 D Vold    : Volume sdcard1 state changing 7 (Shared-Unmounted) -> 1 (Idle-Unmounted)
04-24 15:53:34.514   236   379 I Vold    : /dev/block/vold/179:65 being considered for volume sdcard1
04-24 15:53:34.514   236   379 D Vold    : Volume sdcard1 state changing 1 (Idle-Unmounted) -> 3 (Checking)
04-24 15:53:34.514   236   379 W Vold    : Skipping fs checks
04-24 15:53:34.744   236   379 D Vold    : Volume sdcard1 state changing 3 (Checking) -> 4 (Mounted)
04-24 15:53:38.194   236   379 D Vold    : Volume sdcard state changing 4 (Mounted) -> 5 (Unmounting)
04-24 15:53:39.204   236   379 I Vold    : /mnt/media_rw/sdcard sucessfully unmounted
04-24 15:53:39.204   236   379 I Vold    : /mnt/media_rw/sdcard unmounted successfully
04-24 15:53:39.204   236   379 D Vold    : Volume sdcard state changing 5 (Unmounting) -> 1 (Idle-Unmounted)
04-24 15:53:39.204   236   379 D Vold    : Volume sdcard state changing 1 (Idle-Unmounted) -> 7 (Shared-Unmounted)
04-24 15:53:39.264   236   379 D Vold    : Volume sdcard1 state changing 4 (Mounted) -> 5 (Unmounting)
04-24 15:53:40.314   236   379 I Vold    : /mnt/media_rw/sdcard1 sucessfully unmounted
04-24 15:53:40.314   236   379 I Vold    : /mnt/media_rw/sdcard1 unmounted successfully
04-24 15:53:40.324   236   379 D Vold    : Volume sdcard1 state changing 5 (Unmounting) -> 1 (Idle-Unmounted)
04-24 15:53:40.324   236   379 D Vold    : Volume sdcard1 state changing 1 (Idle-Unmounted) -> 7 (Shared-Unmounted)
04-24 15:57:43.048   236   379 D Vold    : Volume sdcard state changing 7 (Shared-Unmounted) -> 1 (Idle-Unmounted)
04-24 15:57:43.048   236   379 I Vold    : /dev/block/vold/179:30 being considered for volume sdcard
04-24 15:57:43.048   236   379 D Vold    : Volume sdcard state changing 1 (Idle-Unmounted) -> 3 (Checking)
04-24 15:57:43.048   236   379 W Vold    : Skipping fs checks
04-24 15:57:43.108   236   379 D Vold    : Volume sdcard state changing 3 (Checking) -> 4 (Mounted)
04-24 15:57:43.178   236   379 D Vold    : Volume sdcard1 state changing 7 (Shared-Unmounted) -> 1 (Idle-Unmounted)
04-24 15:57:43.178   236   379 I Vold    : /dev/block/vold/179:65 being considered for volume sdcard1
04-24 15:57:43.178   236   379 D Vold    : Volume sdcard1 state changing 1 (Idle-Unmounted) -> 3 (Checking)
04-24 15:57:43.178   236   379 W Vold    : Skipping fs checks
--------- beginning of main
04-24 15:57:43.308   322   322 D VM_BMS  : FIFO=0 fifo_avg=4.334601 rbatt=0.222000 slope=1.300000 ibatt=-0.255912 ocv=4.278018 soc=97 fcc_ah=1.802000 sample_count=128 sample_interval=70 seq_num=55
04-24 15:57:43.308   322   322 D VM_BMS  : For soc=97 batt_temp=235 slope=13000
04-24 15:57:43.308   322   322 D VM_BMS  : For soc=97 batt_temp=235 rbatt_sf=148
04-24 15:57:43.308   322   322 D VM_BMS  : rbatt_mohm_default=150, rbatt_mohm=222, sf=148 batt_temp=235
04-24 15:57:43.308   322   322 D VM_BMS  : Lookup rbatt=222.000000  adjusted rbatt=222.000000
04-24 15:57:43.308   322   322 D VM_BMS  : For ocv=4278476 batt_temp=235 soc=97
04-24 15:57:43.308   322   322 D VM_BMS  : FIFO=1 fifo_avg=4.334908 rbatt=0.222000 slope=1.300000 ibatt=-0.255229 ocv=4.278476 soc=97 fcc_ah=1.802000 sample_count=128 sample_interval=70 seq_num=55
04-24 15:57:43.308   322   322 D VM_BMS  : For soc=97 batt_temp=235 slope=13000
04-24 15:57:43.308   322   322 D VM_BMS  : For soc=97 batt_temp=235 rbatt_sf=148
04-24 15:57:43.308   322   322 D VM_BMS  : rbatt_mohm_default=150, rbatt_mohm=222, sf=148 batt_temp=235
04-24 15:57:43.308   322   322 D VM_BMS  : Lookup rbatt=222.000000  adjusted rbatt=222.000000
04-24 15:57:43.308   322   322 D VM_BMS  : For ocv=4278930 batt_temp=235 soc=97
04-24 15:57:43.308   322   322 D VM_BMS  : FIFO=2 fifo_avg=4.334908 rbatt=0.222000 slope=1.300000 ibatt=-0.253173 ocv=4.278931 soc=97 fcc_ah=1.802000 sample_count=128 sample_interval=70 seq_num=55
04-24 15:57:43.308   322   322 D VM_BMS  : For soc=97 batt_temp=235 slope=13000
04-24 15:57:43.308   322   322 D VM_BMS  : For soc=97 batt_temp=235 rbatt_sf=148
04-24 15:57:43.308   322   322 D VM_BMS  : rbatt_mohm_default=150, rbatt_mohm=222, sf=148 batt_temp=235
04-24 15:57:43.308   322   322 D VM_BMS  : Lookup rbatt=222.000000  adjusted rbatt=222.000000
04-24 15:57:43.308   322   322 D VM_BMS  : For ocv=4279374 batt_temp=235 soc=97
04-24 15:57:43.308   322   322 D VM_BMS  : FIFO=3 fifo_avg=4.334022 rbatt=0.222000 slope=1.300000 ibatt=-0.247162 ocv=4.279374 soc=97 fcc_ah=1.802000 sample_count=128 sample_interval=70 seq_num=55
04-24 15:57:43.308   322   322 D VM_BMS  : For soc=97 batt_temp=235 slope=13000
04-24 15:57:43.308   322   322 D VM_BMS  : For soc=97 batt_temp=235 rbatt_sf=148
04-24 15:57:43.308   322   322 D VM_BMS  : rbatt_mohm_default=150, rbatt_mohm=222, sf=148 batt_temp=235
04-24 15:57:43.308   322   322 D VM_BMS  : Lookup rbatt=222.000000  adjusted rbatt=222.000000
04-24 15:57:43.308   322   322 D VM_BMS  : For ocv=4279809 batt_temp=235 soc=97
04-24 15:57:43.308   322   322 D VM_BMS  : FIFO=4 fifo_avg=4.333418 rbatt=0.222000 slope=1.300000 ibatt=-0.242460 ocv=4.279809 soc=97 fcc_ah=1.802000 sample_count=128 sample_interval=70 seq_num=55
04-24 15:57:43.308   322   322 I VM_BMS  : power_supply_update: ocv_uv=4279809 ibatt=-242459 soc=97 seq_num=55
04-24 15:57:43.308   322   322 D VM_BMS  : End process_bms_data
04-24 15:57:43.308   322   322 D VM_BMS  : wake_lock released
04-24 15:57:43.418   236   379 D Vold    : blkid identified as /dev/block/vold/179:65: UUID="C618-16E0" TYPE="vfat" 
04-24 15:57:43.418   251   511 I VolumeManager: Volume sdcard1 (2): changing state from Checking to Check-Mounted (2 observers)
04-24 15:57:43.418   251   511 I AutoMounter: UpdateState: ums:A1C0E1 mtp:A1C0E0 mode:1 usb:0 tryToShare:0 state:IDLE
04-24 15:57:43.418   251   511 I AutoMounter: UpdateState: Volume sdcard is Mounted and inserted @ /storage/sdcard gen 7 locked 0 sharing en-n
04-24 15:57:43.418   251   511 I AutoMounter: UpdateState: Volume sdcard1 is Check-Mounted and inserted
04-24 15:57:43.418   236   379 D Vold    : Volume sdcard1 state changing 3 (Checking) -> 4 (Mounted)
04-24 15:57:43.528  2617  2617 D wpa_supplicant: wlan0: Control interface command 'SIGNAL_POLL'
04-24 15:57:44.498   251   511 I VolumeManager: Volume sdcard1 (2): changing state from Check-Mounted to Mounted @ '/storage/sdcard1' (2 observers) mountGeneration = 8, locked = 0
04-24 15:57:45.168   251   251 I GeckoConsole: QLOC: MozSettingShim: Got topic change:gonkhal-battery-notifier
04-24 15:57:45.298   251   251 I GeckoConsole: QLOC: MozSettingShim: Got topic change:gonkhal-battery-notifier
04-24 15:57:45.418   251   251 I QCOM PowerHAL: Got set_interactive hint
04-24 15:57:45.418   251   251 D qdhwcomposer: hwc_setPowerMode: Setting mode 2 on display: 0
04-24 15:57:45.418   251   251 E qdutils : int qdutils::getHDMINode(): Failed to open fb node 1
04-24 15:57:45.418   251   251 E qdutils : int qdutils::getHDMINode(): Failed to open fb node 2
04-24 15:57:45.418   251   251 E qdutils : int qdutils::getHDMINode(): Failed to find HDMI node
04-24 15:57:45.828   251  2429 I qdhwcomposer: handle_blank_event: dpy:0 panel power state: 1
04-24 15:57:45.828   251  2429 E qdutils : int qdutils::getHDMINode(): Failed to open fb node 1
04-24 15:57:45.828   251  2429 E qdutils : int qdutils::getHDMINode(): Failed to open fb node 2
04-24 15:57:45.828   251  2429 E qdutils : int qdutils::getHDMINode(): Failed to find HDMI node
04-24 15:57:45.828   251   251 D qdhwcomposer: hwc_setPowerMode: Done setting mode 2 on display 0
04-24 15:57:45.838   251   251 I GeckoConsole: QLOC: MozSettingShim: Got topic change:gonkhal-battery-notifier
04-24 15:57:45.848   251  2193 E LocSvc_api_v02: I/---> locClientSendReq line 2065 QMI_LOC_SET_EXTERNAL_POWER_CONFIG_REQ_V02
04-24 15:57:45.848   251  2221 E LocSvc_ApiV02: I/<--- void globalRespCb(locClientHandleType, uint32_t, locClientRespIndUnionType, void*) line 111 QMI_LOC_SET_EXTERNAL_POWER_CONFIG_REQ_V02
04-24 15:57:45.848   251   251 I GeckoConsole: QLOC: MozSettingShim: Got topic change:gonkhal-battery-notifier
04-24 15:57:45.848   251   251 I GeckoConsole: QLOC: MozSettingShim: Got topic change:gonkhal-battery-notifier
04-24 15:57:46.098   251   251 D SERVICE_STATE_TRACKER: RIL_REQUEST_VOICE_REGISTRATION_STATE state = 1,mRadioTechnology = 6
04-24 15:57:46.098   251   251 D SERVICE_STATE_TRACKER: RIL_REQUEST_DATA_REGISTRATION_STATE state = 1, mDataRadioTechnology = 13, mTAC =-1
04-24 15:57:46.098   251   251 D SERVICE_STATE_TRACKER: Set CDMA Roaming Indicator to: 1, mCdmaRoaming = 0, isPrlLoaded = 0, namMatch = 0, mSystemIsInPrl = 1, defaultRoamingIndicator = 1
04-24 15:57:46.108   251   251 I GeckoConsole: QLOC: MozSettingShim: Got topic change:gonkhal-battery-notifier
04-24 15:57:46.108   251   251 I GeckoConsole: QLOC: MozSettingShim: Got topic change:gonkhal-battery-notifier
04-24 15:57:46.298   251   251 I GeckoConsole: QLOC: MozSettingShim: Got topic change:gonkhal-battery-notifier
04-24 15:57:46.338   251   511 I AutoMounter: AutoMounter state changed from IDLE to UMS_CONFIGURED
04-24 15:57:46.338   251   511 I AutoMounter: UpdateState: ums:A1C1E1 mtp:A1C0E0 mode:1 usb:1 tryToShare:1 state:UMS_CONFIGURED
04-24 15:57:46.338   251   511 I AutoMounter: UpdateState: Volume sdcard is Mounted and inserted @ /storage/sdcard gen 7 locked 0 sharing en-n
04-24 15:57:46.338   251   511 I VolumeManager: Volume sdcard: IsSharing set to 1 state Mounted
04-24 15:57:46.408   251   511 I AutoMounter: UpdateState: Unmounting sdcard
04-24 15:57:46.408   251   511 I VolumeManager: Volume sdcard (1): changing state from Mounted to Unmounting (2 observers)
04-24 15:57:46.408   236   379 D Vold    : Volume sdcard state changing 4 (Mounted) -> 5 (Unmounting)
04-24 15:57:47.418   251   511 I VolumeManager: Volume sdcard (1): changing state from Unmounting to Idle (2 observers)
04-24 15:57:47.418   236   379 I Vold    : /mnt/media_rw/sdcard sucessfully unmounted
04-24 15:57:47.418   236   379 I Vold    : /mnt/media_rw/sdcard unmounted successfully
04-24 15:57:47.418   236   379 D Vold    : Volume sdcard state changing 5 (Unmounting) -> 1 (Idle-Unmounted)
04-24 15:57:47.428   251   511 I AutoMounter: UpdateState: ums:A1C1E1 mtp:A1C0E0 mode:1 usb:1 tryToShare:1 state:UMS_CONFIGURED
04-24 15:57:47.428   251   511 I AutoMounter: UpdateState: Volume sdcard is Idle and inserted
04-24 15:57:47.428   251   511 I AutoMounter: UpdateState: Volume sdcard is Idle
04-24 15:57:47.428   251   511 I AutoMounter: UpdateState: Sharing sdcard
04-24 15:57:47.428   251   511 I VolumeManager: Volume sdcard (1): changing state from Idle to Shared (2 observers)
04-24 15:57:47.428   251   511 I AutoMounter: UpdateState: ums:A1C1E1 mtp:A1C0E0 mode:1 usb:1 tryToShare:1 state:UMS_CONFIGURED
04-24 15:57:47.428   251   511 I AutoMounter: UpdateState: Volume sdcard is Shared and inserted
04-24 15:57:47.428   251   511 I AutoMounter: UpdateState: Volume sdcard1 is Mounted and inserted @ /storage/sdcard1 gen 8 locked 0 sharing en-n
04-24 15:57:47.428   251   511 I VolumeManager: Volume sdcard1: IsSharing set to 1 state Mounted
04-24 15:57:47.428   236   379 D Vold    : Volume sdcard state changing 1 (Idle-Unmounted) -> 7 (Shared-Unmounted)
04-24 15:57:47.498   251   511 I AutoMounter: UpdateState: Unmounting sdcard1
04-24 15:57:47.498   251   511 I VolumeManager: Volume sdcard1 (2): changing state from Mounted to Unmounting (2 observers)
04-24 15:57:47.498   236   379 D Vold    : Volume sdcard1 state changing 4 (Mounted) -> 5 (Unmounting)
04-24 15:57:48.528  2617  2617 D wpa_supplicant: wlan0: Control interface command 'SIGNAL_POLL'
04-24 15:57:48.588   251   511 I VolumeManager: Volume sdcard1 (2): changing state from Unmounting to Idle (2 observers)
04-24 15:57:48.588   251   511 I AutoMounter: UpdateState: ums:A1C1E1 mtp:A1C0E0 mode:1 usb:1 tryToShare:1 state:UMS_CONFIGURED
04-24 15:57:48.588   251   511 I AutoMounter: UpdateState: Volume sdcard is Shared and inserted
04-24 15:57:48.588   251   511 I AutoMounter: UpdateState: Volume sdcard1 is Idle and inserted
04-24 15:57:48.588   251   511 I AutoMounter: UpdateState: Volume sdcard1 is Idle
04-24 15:57:48.588   251   511 I AutoMounter: UpdateState: Sharing sdcard1
04-24 15:57:48.588   251   511 I VolumeManager: Volume sdcard1 (2): changing state from Idle to Shared (2 observers)
04-24 15:57:48.588   236   379 I Vold    : /mnt/media_rw/sdcard1 sucessfully unmounted
04-24 15:57:48.588   236   379 I Vold    : /mnt/media_rw/sdcard1 unmounted successfully
04-24 15:57:48.588   236   379 D Vold    : Volume sdcard1 state changing 5 (Unmounting) -> 1 (Idle-Unmounted)
04-24 15:57:48.588   236   379 D Vold    : Volume sdcard1 state changing 1 (Idle-Unmounted) -> 7 (Shared-Unmounted)
04-24 15:57:48.598   251   511 I AutoMounter: UpdateState: ums:A1C1E1 mtp:A1C0E0 mode:1 usb:1 tryToShare:1 state:UMS_CONFIGURED
04-24 15:57:48.598   251   511 I AutoMounter: UpdateState: Volume sdcard is Shared and inserted
04-24 15:57:48.598   251   511 I AutoMounter: UpdateState: Volume sdcard1 is Shared and inserted
04-24 15:57:48.678   251   251 D SERVICE_STATE_TRACKER: Signal Strength changed; sending info to content process
04-24 15:57:48.698   251   251 D SERVICE_STATE_TRACKER: Signal Strength changed; sending info to content process
04-24 15:57:53.538  2617  2617 D wpa_supplicant: wlan0: Control interface command 'SIGNAL_POLL'
04-24 15:57:53.808   251   251 D SERVICE_STATE_TRACKER: Signal Strength changed; sending info to content process
04-24 15:57:53.828   251   251 D SERVICE_STATE_TRACKER: Signal Strength changed; sending info to content process
04-24 15:57:56.368   251   251 D SERVICE_STATE_TRACKER: Signal Strength changed; sending info to content process
04-24 15:57:58.538  2617  2617 D wpa_supplicant: wlan0: Control interface command 'SIGNAL_POLL'
04-24 15:57:58.928   251   251 D SERVICE_STATE_TRACKER: Signal Strength changed; sending info to content process
04-24 15:58:01.478   251   251 D SERVICE_STATE_TRACKER: Signal Strength changed; sending info to content process
04-24 15:58:03.538  2617  2617 D wpa_supplicant: wlan0: Control interface command 'SIGNAL_POLL'
04-24 15:58:06.608   251   251 D SERVICE_STATE_TRACKER: Signal Strength changed; sending info to content process
04-24 15:58:08.538  2617  2617 D wpa_supplicant: wlan0: Control interface command 'SIGNAL_POLL'
04-24 15:58:09.168   251   251 D SERVICE_STATE_TRACKER: Signal Strength changed; sending info to content process
04-24 15:58:13.538  2617  2617 D wpa_supplicant: wlan0: Control interface command 'SIGNAL_POLL'
04-24 15:58:14.288   251   251 D SERVICE_STATE_TRACKER: Signal Strength changed; sending info to content process
04-24 15:58:14.308   251   251 D SERVICE_STATE_TRACKER: Signal Strength changed; sending info to content process
04-24 15:58:16.848   251   251 D SERVICE_STATE_TRACKER: Signal Strength changed; sending info to content process
04-24 15:58:18.538  2617  2617 D wpa_supplicant: wlan0: Control interface command 'SIGNAL_POLL'
04-24 15:58:19.408   251   251 D SERVICE_STATE_TRACKER: Signal Strength changed; sending info to content process
04-24 15:58:19.438   251   251 D SERVICE_STATE_TRACKER: Signal Strength changed; sending info to content process
04-24 15:58:23.538  2617  2617 D wpa_supplicant: wlan0: Control interface command 'SIGNAL_POLL'
04-24 15:58:24.528   251   251 D SERVICE_STATE_TRACKER: Signal Strength changed; sending info to content process
04-24 15:58:24.548   251   251 D SERVICE_STATE_TRACKER: Signal Strength changed; sending info to content process
04-24 15:58:28.538  2617  2617 D wpa_supplicant: wlan0: Control interface command 'SIGNAL_POLL'
04-24 15:58:29.648   251   251 D SERVICE_STATE_TRACKER: Signal Strength changed; sending info to content process
04-24 15:58:29.678   251   251 D SERVICE_STATE_TRACKER: Signal Strength changed; sending info to content process
04-24 15:58:31.458   322   322 D VM_BMS  : wake_lock acquired
04-24 15:58:31.458   322   322 D VM_BMS  : New BMS data - Size=56
04-24 15:58:31.458   322   322 D VM_BMS  : Start process_bms_data
04-24 15:58:31.458   322   322 D VM_BMS  : Battery charge_cycle=0 fcc_adjust=0 rbatt_adjust=0 cycle_changed=false
04-24 15:58:31.458   322   322 D VM_BMS  : For batt_temp=234 fcc_mah=1802
04-24 15:58:31.458   322   322 D VM_BMS  : Lookup fcc_mah=1802.000000  adjusted fcc_mah=1802.000000
04-24 15:58:31.458   322   322 D VM_BMS  : For ocv=4279809 batt_temp=234 soc=97
04-24 15:58:31.458   322   322 D VM_BMS  : fifo_count=5 acc_count=0
04-24 15:58:31.458   322   322 D VM_BMS  : INIT: ocv=4279809 last_ocv=4279809 batt_temp=234 soc=97
04-24 15:58:31.458   322   322 D VM_BMS  : For soc=97 batt_temp=234 slope=13000
04-24 15:58:31.458   322   322 D VM_BMS  : For soc=97 batt_temp=234 rbatt_sf=149
04-24 15:58:31.458   322   322 D VM_BMS  : rbatt_mohm_default=150, rbatt_mohm=223, sf=149 batt_temp=234
04-24 15:58:31.458   322   322 D VM_BMS  : Lookup rbatt=223.000000  adjusted rbatt=223.000000
04-24 15:58:31.458   322   322 D VM_BMS  : For ocv=4280096 batt_temp=234 soc=97
04-24 15:58:31.458   322   322 D VM_BMS  : FIFO=0 fifo_avg=4.315638 rbatt=0.223000 slope=1.300000 ibatt=-0.160024 ocv=4.280097 soc=97 fcc_ah=1.802000 sample_count=128 sample_interval=70 seq_num=56
04-24 15:58:31.458   322   322 D VM_BMS  : For soc=97 batt_temp=234 slope=13000
04-24 15:58:31.458   322   322 D VM_BMS  : For soc=97 batt_temp=234 rbatt_sf=149
04-24 15:58:31.458   322   322 D VM_BMS  : rbatt_mohm_default=150, rbatt_mohm=223, sf=149 batt_temp=234
04-24 15:58:31.458   322   322 D VM_BMS  : Lookup rbatt=223.000000  adjusted rbatt=223.000000
04-24 15:58:31.458   322   322 D VM_BMS  : For ocv=4280518 batt_temp=234 soc=97
04-24 15:58:31.458   322   322 D VM_BMS  : FIFO=1 fifo_avg=4.332720 rbatt=0.223000 slope=1.300000 ibatt=-0.235035 ocv=4.280518 soc=97 fcc_ah=1.802000 sample_count=128 sample_interval=70 seq_num=56
04-24 15:58:31.458   322   322 D VM_BMS  : For soc=97 batt_temp=234 slope=13000
04-24 15:58:31.458   322   322 D VM_BMS  : For soc=97 batt_temp=234 rbatt_sf=149
04-24 15:58:31.458   322   322 D VM_BMS  : rbatt_mohm_default=150, rbatt_mohm=223, sf=149 batt_temp=234
04-24 15:58:31.458   322   322 D VM_BMS  : Lookup rbatt=223.000000  adjusted rbatt=223.000000
04-24 15:58:31.458   322   322 D VM_BMS  : For ocv=4280967 batt_temp=234 soc=97
04-24 15:58:31.458   322   322 D VM_BMS  : FIFO=2 fifo_avg=4.336573 rbatt=0.223000 slope=1.300000 ibatt=-0.250360 ocv=4.280968 soc=97 fcc_ah=1.802000 sample_count=128 sample_interval=70 seq_num=56
04-24 15:58:31.458   322   322 D VM_BMS  : For soc=97 batt_temp=234 slope=13000
04-24 15:58:31.458   322   322 D VM_BMS  : For soc=97 batt_temp=234 rbatt_sf=149
04-24 15:58:31.458   322   322 D VM_BMS  : rbatt_mohm_default=150, rbatt_mohm=223, sf=149 batt_temp=234
04-24 15:58:31.458   322   322 D VM_BMS  : Lookup rbatt=223.000000  adjusted rbatt=223.000000
04-24 15:58:31.458   322   322 D VM_BMS  : For ocv=4281418 batt_temp=234 soc=97
04-24 15:58:31.458   322   322 D VM_BMS  : FIFO=3 fifo_avg=4.337161 rbatt=0.223000 slope=1.300000 ibatt=-0.250980 ocv=4.281418 soc=97 fcc_ah=1.802000 sample_count=128 sample_interval=70 seq_num=56
04-24 15:58:31.458   322   322 D VM_BMS  : For soc=97 batt_temp=234 slope=13000
04-24 15:58:31.458   322   322 D VM_BMS  : For soc=97 batt_temp=234 rbatt_sf=149
04-24 15:58:31.458   322   322 D VM_BMS  : rbatt_mohm_default=150, rbatt_mohm=223, sf=149 batt_temp=234
04-24 15:58:31.458   322   322 D VM_BMS  : Lookup rbatt=223.000000  adjusted rbatt=223.000000
04-24 15:58:31.458   322   322 D VM_BMS  : For ocv=4281865 batt_temp=234 soc=97
04-24 15:58:31.458   322   322 D VM_BMS  : FIFO=4 fifo_avg=4.337174 rbatt=0.223000 slope=1.300000 ibatt=-0.249025 ocv=4.281865 soc=97 fcc_ah=1.802000 sample_count=128 sample_interval=70 seq_num=56
04-24 15:58:31.458   322   322 I VM_BMS  : power_supply_update: ocv_uv=4281865 ibatt=-249024 soc=97 seq_num=56
04-24 15:58:31.458   322   322 D VM_BMS  : End process_bms_data
04-24 15:58:31.458   322   322 D VM_BMS  : wake_lock released
04-24 15:58:32.208   251   251 D SERVICE_STATE_TRACKER: Signal Strength changed; sending info to content process
04-24 15:58:32.238   251   251 D SERVICE_STATE_TRACKER: Signal Strength changed; sending info to content process
04-24 15:58:33.538  2617  2617 D wpa_supplicant: wlan0: Control interface command 'SIGNAL_POLL'
04-24 15:58:38.538  2617  2617 D wpa_supplicant: wlan0: Control interface command 'SIGNAL_POLL'
04-24 15:58:42.448   251   251 D SERVICE_STATE_TRACKER: Signal Strength changed; sending info to content process
04-24 15:58:43.538  2617  2617 D wpa_supplicant: wlan0: Control interface command 'SIGNAL_POLL'
04-24 15:58:45.008   251   251 D SERVICE_STATE_TRACKER: Signal Strength changed; sending info to content process
04-24 15:58:45.968   251   251 D qdhwcomposer: hwc_setPowerMode: Setting mode 0 on display: 0
04-24 15:58:45.968   251   251 E qdutils : int qdutils::getHDMINode(): Failed to open fb node 1
04-24 15:58:45.968   251   251 E qdutils : int qdutils::getHDMINode(): Failed to open fb node 2
04-24 15:58:45.968   251   251 E qdutils : int qdutils::getHDMINode(): Failed to find HDMI node
04-24 15:58:46.228   251  2429 I qdhwcomposer: handle_blank_event: dpy:0 panel power state: 0
04-24 15:58:46.228   251  2429 E qdutils : int qdutils::getHDMINode(): Failed to open fb node 1
04-24 15:58:46.228   251  2429 E qdutils : int qdutils::getHDMINode(): Failed to open fb node 2
04-24 15:58:46.228   251  2429 E qdutils : int qdutils::getHDMINode(): Failed to find HDMI node
04-24 15:58:46.228   251   251 D qdhwcomposer: hwc_setPowerMode: Done setting mode 0 on display 0
04-24 15:58:46.228   251   251 I QCOM PowerHAL: Got set_interactive hint
04-24 15:58:46.278   251   251 E qdhwcomposer: hwc_vsync_control: vsync control failed. Dpy=0, enable=1 : Operation not permitted
04-24 15:58:48.548  2617  2617 D wpa_supplicant: wlan0: Control interface command 'SIGNAL_POLL'
04-24 15:58:53.548  2617  2617 D wpa_supplicant: wlan0: Control interface command 'SIGNAL_POLL'
04-24 15:58:58.548  2617  2617 D wpa_supplicant: wlan0: Control interface command 'SIGNAL_POLL'
04-24 15:58:59.188   251   511 I AutoMounter: AutoMounter state changed from UMS_CONFIGURED to IDLE
04-24 15:58:59.188   251   511 I AutoMounter: UpdateState: ums:A1C0E1 mtp:A1C0E0 mode:1 usb:0 tryToShare:0 state:IDLE
04-24 15:58:59.188   251   511 I AutoMounter: UpdateState: Volume sdcard is Shared and inserted
04-24 15:58:59.188   251   511 I AutoMounter: UpdateState: Unsharing sdcard
04-24 15:58:59.198   251   511 I VolumeManager: Volume sdcard (1): changing state from Shared to Idle (2 observers)
04-24 15:58:59.198   251   511 I AutoMounter: UpdateState: ums:A1C0E1 mtp:A1C0E0 mode:1 usb:0 tryToShare:0 state:IDLE
04-24 15:58:59.198   251   511 I AutoMounter: UpdateState: Volume sdcard is Idle and inserted
04-24 15:58:59.198   251   511 I AutoMounter: UpdateState: Mounting sdcard
04-24 15:58:59.198   251   511 I VolumeManager: Volume sdcard (1): changing state from Idle to Checking (2 observers)
04-24 15:58:59.198   236   379 D Vold    : Volume sdcard state changing 7 (Shared-Unmounted) -> 1 (Idle-Unmounted)
04-24 15:58:59.198   236   379 I Vold    : /dev/block/vold/179:30 being considered for volume sdcard
04-24 15:58:59.198   236   379 D Vold    : Volume sdcard state changing 1 (Idle-Unmounted) -> 3 (Checking)
04-24 15:58:59.198   236   379 W Vold    : Skipping fs checks
04-24 15:58:59.248   251  2688 E libsuspend: Error writing to /sys/power/state: Device or resource busy
04-24 15:58:59.258   236   379 D Vold    : blkid identified as /dev/block/vold/179:30: LABEL="Internal SD" UUID="1880-704B" TYPE="vfat" 
04-24 15:58:59.258   251   511 I VolumeManager: Volume sdcard (1): changing state from Checking to Check-Mounted (2 observers)
04-24 15:58:59.258   251   511 I AutoMounter: UpdateState: ums:A1C0E1 mtp:A1C0E0 mode:1 usb:0 tryToShare:0 state:IDLE
04-24 15:58:59.258   251   511 I AutoMounter: UpdateState: Volume sdcard is Check-Mounted and inserted
04-24 15:58:59.258   236   379 D Vold    : Volume sdcard state changing 3 (Checking) -> 4 (Mounted)
04-24 15:58:59.278   251   251 I GeckoConsole: QLOC: MozSettingShim: Got topic change:gonkhal-battery-notifier
04-24 15:58:59.278   251  2193 E LocSvc_api_v02: I/---> locClientSendReq line 2065 QMI_LOC_SET_EXTERNAL_POWER_CONFIG_REQ_V02
04-24 15:58:59.278   251  2221 E LocSvc_ApiV02: I/<--- void globalRespCb(locClientHandleType, uint32_t, locClientRespIndUnionType, void*) line 111 QMI_LOC_SET_EXTERNAL_POWER_CONFIG_REQ_V02
04-24 15:58:59.288   251   251 I GeckoConsole: QLOC: MozSettingShim: Got topic change:gonkhal-battery-notifier
04-24 15:58:59.318   251   511 I VolumeManager: Volume sdcard (1): changing state from Check-Mounted to Mounted @ '/storage/sdcard' (2 observers) mountGeneration = 9, locked = 0
04-24 15:58:59.318   251   511 I AutoMounter: UpdateState: Volume sdcard1 is Shared and inserted
04-24 15:58:59.318   251   511 I AutoMounter: UpdateState: Unsharing sdcard1
04-24 15:58:59.318   251   511 I VolumeManager: Volume sdcard1 (2): changing state from Shared to Idle (2 observers)
04-24 15:58:59.318   251   511 I AutoMounter: UpdateState: ums:A1C0E1 mtp:A1C0E0 mode:1 usb:0 tryToShare:0 state:IDLE
04-24 15:58:59.318   251   511 I AutoMounter: UpdateState: Volume sdcard is Mounted and inserted @ /storage/sdcard gen 9 locked 0 sharing en-n
04-24 15:58:59.318   251   511 I AutoMounter: UpdateState: Volume sdcard1 is Idle and inserted
04-24 15:58:59.318   251   511 I AutoMounter: UpdateState: Mounting sdcard1
04-24 15:58:59.318   251   511 I VolumeManager: Volume sdcard1 (2): changing state from Idle to Checking (2 observers)
04-24 15:58:59.318   236   379 D Vold    : Volume sdcard1 state changing 7 (Shared-Unmounted) -> 1 (Idle-Unmounted)
04-24 15:58:59.318   236   379 I Vold    : /dev/block/vold/179:65 being considered for volume sdcard1
04-24 15:58:59.318   236   379 D Vold    : Volume sdcard1 state changing 1 (Idle-Unmounted) -> 3 (Checking)
04-24 15:58:59.318   236   379 W Vold    : Skipping fs checks
04-24 15:58:59.398   236   379 D Vold    : blkid identified as /dev/block/vold/179:65: UUID="C618-16E0" TYPE="vfat" 
04-24 15:58:59.398   251   511 I VolumeManager: Volume sdcard1 (2): changing state from Checking to Check-Mounted (2 observers)
04-24 15:58:59.398   251   511 I AutoMounter: UpdateState: ums:A1C0E1 mtp:A1C0E0 mode:1 usb:0 tryToShare:0 state:IDLE
04-24 15:58:59.398   251   511 I AutoMounter: UpdateState: Volume sdcard is Mounted and inserted @ /storage/sdcard gen 9 locked 0 sharing en-n
04-24 15:58:59.398   251   511 I AutoMounter: UpdateState: Volume sdcard1 is Check-Mounted and inserted
04-24 15:58:59.398   236   379 D Vold    : Volume sdcard1 state changing 3 (Checking) -> 4 (Mounted)
04-24 15:59:00.488   251   511 I VolumeManager: Volume sdcard1 (2): changing state from Check-Mounted to Mounted @ '/storage/sdcard1' (2 observers) mountGeneration = 10, locked = 0
04-24 15:59:03.558  2617  2617 D wpa_supplicant: wlan0: Control interface command 'SIGNAL_POLL'
04-24 15:59:08.558  2617  2617 D wpa_supplicant: wlan0: Control interface command 'SIGNAL_POLL'
04-24 15:59:13.558  2617  2617 D wpa_supplicant: wlan0: Control interface command 'SIGNAL_POLL'
04-24 15:59:18.568  2617  2617 D wpa_supplicant: wlan0: Control interface command 'SIGNAL_POLL'
04-24 15:59:19.598   322   322 D VM_BMS  : wake_lock acquired
04-24 15:59:19.598   322   322 D VM_BMS  : New BMS data - Size=56
04-24 15:59:19.598   322   322 D VM_BMS  : Start process_bms_data
04-24 15:59:19.598   322   322 D VM_BMS  : Battery charge_cycle=0 fcc_adjust=0 rbatt_adjust=0 cycle_changed=false
04-24 15:59:19.598   322   322 D VM_BMS  : For batt_temp=235 fcc_mah=1802
04-24 15:59:19.598   322   322 D VM_BMS  : Lookup fcc_mah=1802.000000  adjusted fcc_mah=1802.000000
04-24 15:59:19.598   322   322 D VM_BMS  : For ocv=4281865 batt_temp=235 soc=97
04-24 15:59:19.598   322   322 D VM_BMS  : fifo_count=5 acc_count=0
04-24 15:59:19.598   322   322 D VM_BMS  : INIT: ocv=4281865 last_ocv=4281865 batt_temp=235 soc=97
04-24 15:59:19.598   322   322 D VM_BMS  : For soc=97 batt_temp=235 slope=13000
04-24 15:59:19.598   322   322 D VM_BMS  : For soc=97 batt_temp=235 rbatt_sf=148
04-24 15:59:19.598   322   322 D VM_BMS  : rbatt_mohm_default=150, rbatt_mohm=222, sf=148 batt_temp=235
04-24 15:59:19.598   322   322 D VM_BMS  : Lookup rbatt=222.000000  adjusted rbatt=222.000000
04-24 15:59:19.598   322   322 D VM_BMS  : For ocv=4282332 batt_temp=235 soc=97
04-24 15:59:19.598   322   322 D VM_BMS  : FIFO=0 fifo_avg=4.339843 rbatt=0.222000 slope=1.300000 ibatt=-0.260109 ocv=4.282332 soc=97 fcc_ah=1.802000 sample_count=128 sample_interval=70 seq_num=57
04-24 15:59:19.598   322   322 D VM_BMS  : For soc=97 batt_temp=235 slope=13000
04-24 15:59:19.598   322   322 D VM_BMS  : For soc=97 batt_temp=235 rbatt_sf=148
04-24 15:59:19.598   322   322 D VM_BMS  : rbatt_mohm_default=150, rbatt_mohm=222, sf=148 batt_temp=235
04-24 15:59:19.598   322   322 D VM_BMS  : Lookup rbatt=222.000000  adjusted rbatt=222.000000
04-24 15:59:19.598   322   322 D VM_BMS  : For ocv=4282786 batt_temp=235 soc=97
04-24 15:59:19.598   322   322 D VM_BMS  : FIFO=1 fifo_avg=4.338663 rbatt=0.222000 slope=1.300000 ibatt=-0.252722 ocv=4.282786 soc=97 fcc_ah=1.802000 sample_count=128 sample_interval=70 seq_num=57
04-24 15:59:19.598   322   322 D VM_BMS  : For soc=97 batt_temp=235 slope=13000
04-24 15:59:19.598   322   322 D VM_BMS  : For soc=97 batt_temp=235 rbatt_sf=148
04-24 15:59:19.598   322   322 D VM_BMS  : rbatt_mohm_default=150, rbatt_mohm=222, sf=148 batt_temp=235
04-24 15:59:19.598   322   322 D VM_BMS  : Lookup rbatt=222.000000  adjusted rbatt=222.000000
04-24 15:59:19.598   322   322 D VM_BMS  : For ocv=4283174 batt_temp=235 soc=97
04-24 15:59:19.598   322   322 D VM_BMS  : FIFO=2 fifo_avg=4.330996 rbatt=0.222000 slope=1.300000 ibatt=-0.216288 ocv=4.283174 soc=97 fcc_ah=1.802000 sample_count=128 sample_interval=70 seq_num=57
04-24 15:59:19.598   322   322 D VM_BMS  : For soc=97 batt_temp=235 slope=13000
04-24 15:59:19.598   322   322 D VM_BMS  : For soc=97 batt_temp=235 rbatt_sf=148
04-24 15:59:19.598   322   322 D VM_BMS  : rbatt_mohm_default=150, rbatt_mohm=222, sf=148 batt_temp=235
04-24 15:59:19.598   322   322 D VM_BMS  : Lookup rbatt=222.000000  adjusted rbatt=222.000000
04-24 15:59:19.598   322   322 D VM_BMS  : For ocv=4283286 batt_temp=235 soc=97
04-24 15:59:19.598   322   322 D VM_BMS  : FIFO=3 fifo_avg=4.297087 rbatt=0.222000 slope=1.300000 ibatt=-0.062419 ocv=4.283286 soc=97 fcc_ah=1.802000 sample_count=128 sample_interval=70 seq_num=57
04-24 15:59:19.598   322   322 D VM_BMS  : For soc=97 batt_temp=235 slope=13000
04-24 15:59:19.598   322   322 D VM_BMS  : For soc=97 batt_temp=235 rbatt_sf=148
04-24 15:59:19.598   322   322 D VM_BMS  : rbatt_mohm_default=150, rbatt_mohm=222, sf=148 batt_temp=235
04-24 15:59:19.598   322   322 D VM_BMS  : Lookup rbatt=222.000000  adjusted rbatt=222.000000
04-24 15:59:19.598   322   322 D VM_BMS  : For ocv=4283378 batt_temp=235 soc=97
04-24 15:59:19.598   322   322 D VM_BMS  : FIFO=4 fifo_avg=4.294728 rbatt=0.222000 slope=1.300000 ibatt=-0.051332 ocv=4.283378 soc=97 fcc_ah=1.802000 sample_count=128 sample_interval=70 seq_num=57
04-24 15:59:19.598   322   322 I VM_BMS  : power_supply_update: ocv_uv=4283378 ibatt=-51331 soc=97 seq_num=57
04-24 15:59:19.598   322   322 D VM_BMS  : End process_bms_data
04-24 15:59:19.598   322   322 D VM_BMS  : wake_lock released
04-24 15:59:23.568  2617  2617 D wpa_supplicant: wlan0: Control interface command 'SIGNAL_POLL'
04-24 15:59:28.568  2617  2617 D wpa_supplicant: wlan0: Control interface command 'SIGNAL_POLL'
04-24 15:59:29.298   251  2688 E libsuspend: Error writing to /sys/power/state: Device or resource busy
04-24 15:59:32.445   251  2429 I qdhwcomposer: handle_blank_event: dpy:0 panel power state: 0
04-24 15:59:32.445   251  2429 E qdutils : int qdutils::getHDMINode(): Failed to open fb node 1
04-24 15:59:32.445   251  2429 E qdutils : int qdutils::getHDMINode(): Failed to open fb node 2
04-24 15:59:32.445   251  2429 E qdutils : int qdutils::getHDMINode(): Failed to find HDMI node
04-24 15:59:32.445   322   322 D VM_BMS  : wake_lock acquired
04-24 15:59:32.445   322   322 D VM_BMS  : New BMS data - Size=56
04-24 15:59:32.445   322   322 D VM_BMS  : Start process_bms_data
04-24 15:59:32.445   322   322 D VM_BMS  : Battery charge_cycle=0 fcc_adjust=0 rbatt_adjust=0 cycle_changed=false
04-24 15:59:32.445   322   322 D VM_BMS  : For batt_temp=234 fcc_mah=1802
04-24 15:59:32.445   322   322 D VM_BMS  : Lookup fcc_mah=1802.000000  adjusted fcc_mah=1802.000000
04-24 15:59:32.445   322   322 D VM_BMS  : For ocv=4283378 batt_temp=234 soc=97
04-24 15:59:32.445   322   322 D VM_BMS  : fifo_count=1 acc_count=2
04-24 15:59:32.445   322   322 D VM_BMS  : INIT: ocv=4283378 last_ocv=4283378 batt_temp=234 soc=97
04-24 15:59:32.445   322   322 D VM_BMS  : For soc=97 batt_temp=234 slope=13000
04-24 15:59:32.445   322   322 D VM_BMS  : For soc=97 batt_temp=234 rbatt_sf=149
04-24 15:59:32.445   322   322 D VM_BMS  : rbatt_mohm_default=150, rbatt_mohm=223, sf=149 batt_temp=234
04-24 15:59:32.445   322   322 D VM_BMS  : Lookup rbatt=223.000000  adjusted rbatt=223.000000
04-24 15:59:32.445   322   322 D VM_BMS  : For ocv=4283457 batt_temp=234 soc=97
04-24 15:59:32.445   322   322 D VM_BMS  : FIFO=0 fifo_avg=4.293255 rbatt=0.223000 slope=1.300000 ibatt=-0.044113 ocv=4.283457 soc=97 fcc_ah=1.802000 sample_count=128 sample_interval=70 seq_num=58
04-24 15:59:32.445   322   322 D VM_BMS  : For soc=97 batt_temp=234 slope=13000
04-24 15:59:32.445   322   322 D VM_BMS  : For soc=97 batt_temp=234 rbatt_sf=149
04-24 15:59:32.445   322   322 D VM_BMS  : rbatt_mohm_default=150, rbatt_mohm=223, sf=149 batt_temp=234
04-24 15:59:32.445   322   322 D VM_BMS  : Lookup rbatt=223.000000  adjusted rbatt=223.000000
04-24 15:59:32.445   322   322 D VM_BMS  : For ocv=4283458 batt_temp=234 soc=97
04-24 15:59:32.445   322   322 D VM_BMS  : FIFO=1 fifo_avg=4.292664 rbatt=0.223000 slope=1.300000 ibatt=-0.041286 ocv=4.283458 soc=97 fcc_ah=1.802000 sample_count=2 sample_interval=70 seq_num=58
04-24 15:59:32.455   322   322 I VM_BMS  : power_supply_update: ocv_uv=4283458 ibatt=-41285 soc=97 seq_num=58
04-24 15:59:32.455   322   322 D VM_BMS  : End process_bms_data
04-24 15:59:32.455   322   322 D VM_BMS  : wake_lock released
04-24 15:59:35.517   251  2429 I qdhwcomposer: handle_blank_event: dpy:0 panel power state: 0
04-24 15:59:35.517   251  2429 E qdutils : int qdutils::getHDMINode(): Failed to open fb node 1
04-24 15:59:35.517   251  2429 E qdutils : int qdutils::getHDMINode(): Failed to open fb node 2
04-24 15:59:35.517   251  2429 E qdutils : int qdutils::getHDMINode(): Failed to find HDMI node
04-24 15:59:35.517   322   322 D VM_BMS  : wake_lock acquired
04-24 15:59:35.517   322   322 D VM_BMS  : New BMS data - Size=56
04-24 15:59:35.517   322   322 D VM_BMS  : Start process_bms_data
04-24 15:59:35.517   322   322 D VM_BMS  : Battery charge_cycle=0 fcc_adjust=0 rbatt_adjust=0 cycle_changed=false
04-24 15:59:35.517   322   322 D VM_BMS  : For batt_temp=235 fcc_mah=1802
04-24 15:59:35.517   322   322 D VM_BMS  : Lookup fcc_mah=1802.000000  adjusted fcc_mah=1802.000000
04-24 15:59:35.517   322   322 D VM_BMS  : For ocv=4283458 batt_temp=235 soc=97
04-24 15:59:35.517   322   322 D VM_BMS  : fifo_count=0 acc_count=6
04-24 15:59:35.517   322   322 D VM_BMS  : INIT: ocv=4283458 last_ocv=4283458 batt_temp=235 soc=97
04-24 15:59:35.517   322   322 D VM_BMS  : For soc=97 batt_temp=235 slope=13000
04-24 15:59:35.517   322   322 D VM_BMS  : For soc=97 batt_temp=235 rbatt_sf=148
04-24 15:59:35.517   322   322 D VM_BMS  : rbatt_mohm_default=150, rbatt_mohm=222, sf=148 batt_temp=235
04-24 15:59:35.517   322   322 D VM_BMS  : Lookup rbatt=222.000000  adjusted rbatt=222.000000
04-24 15:59:35.517   322   322 D VM_BMS  : For ocv=4283461 batt_temp=235 soc=97
04-24 15:59:35.517   322   322 D VM_BMS  : FIFO=0 fifo_avg=4.291484 rbatt=0.222000 slope=1.300000 ibatt=-0.036145 ocv=4.283461 soc=97 fcc_ah=1.802000 sample_count=6 sample_interval=70 seq_num=59
04-24 15:59:35.517   322   322 I VM_BMS  : power_supply_update: ocv_uv=4283461 ibatt=-36144 soc=97 seq_num=59
04-24 15:59:35.517   322   322 D VM_BMS  : End process_bms_data
04-24 15:59:35.527   322   322 D VM_BMS  : wake_lock released
04-24 15:59:35.657   247   434 D QC-time-services: Lib:time_genoff_operation: pargs->base = 12
04-24 15:59:35.657   247   434 D QC-time-services: Lib:time_genoff_operation: pargs->operation = 0
04-24 15:59:35.657   247   434 D QC-time-services: Lib:time_genoff_operation: pargs->ts_val = 1461484775000
04-24 15:59:35.657   247   434 D QC-time-services: Lib:time_genoff_operation: Send to server  passed!!
04-24 15:59:35.657   267   477 D QC-time-services: Daemon: Connection accepted:time_genoff
04-24 15:59:35.657   267  4536 D QC-time-services: Daemon:Received base = 12, unit = 1, operation = 0,value = 1461484775000
04-24 15:59:35.657   267  4536 D QC-time-services: Daemon:genoff_opr: Base = 12, val = 1461484775000, operation = 0
04-24 15:59:35.657   267  4536 D QC-time-services: Daemon:rtc_get: Time read from RTC -- MM/DD/YY HH:MM:SS0/1/70 0:45:56
04-24 15:59:35.657   267  4536 D QC-time-services: Daemon:Value read from RTC seconds = 2756000
04-24 15:59:35.657   267  4536 D QC-time-services: Daemon:new time 1461484775000 
04-24 15:59:35.657   267  4536 D QC-time-services: Daemon: delta 1461482019000 genoff 1461482019000 
04-24 15:59:35.657   267  4536 D QC-time-services: Daemon:genoff_persistent_update: Writing genoff = 1461482019000 to memory
04-24 15:59:35.657   267  4536 D QC-time-services: Daemon:Opening File: /data/time/ats_12
04-24 15:59:35.657   267  4536 D QC-time-services: Daemon:time_persistent_memory_opr:Genoff write operation 
04-24 15:59:35.747   247   434 E QC-time-services: Receive Passed == base = 12, unit = 1, operation = 0, result = 0
04-24 15:59:35.747   247   434 D QC-time-services: Lib:time_genoff_operation: pargs->base = 13
04-24 15:59:35.747   247   434 D QC-time-services: Lib:time_genoff_operation: pargs->operation = 0
04-24 15:59:35.747   247   434 D QC-time-services: Lib:time_genoff_operation: pargs->ts_val = 1461484775000
04-24 15:59:35.747   247   434 D QC-time-services: Lib:time_genoff_operation: Send to server  passed!!
04-24 15:59:35.747   267   477 E QC-time-services: Daemon: Time-services: Waiting to acceptconnection
04-24 15:59:35.747   267   477 D QC-time-services: Daemon: Connection accepted:time_genoff
04-24 15:59:35.747   267  4537 D QC-time-services: Daemon:Received base = 13, unit = 1, operation = 0,value = 1461484775000
04-24 15:59:35.747   267  4537 D QC-time-services: Daemon:genoff_opr: Base = 13, val = 1461484775000, operation = 0
04-24 15:59:35.747   267  4537 D QC-time-services: Daemon:rtc_get: Time read from RTC -- MM/DD/YY HH:MM:SS0/1/70 0:45:56
04-24 15:59:35.747   267  4537 D QC-time-services: Daemon:Value read from RTC seconds = 2756000
04-24 15:59:35.747   267  4537 D QC-time-services: Daemon:new time 1461484775000 
04-24 15:59:35.747   267  4537 D QC-time-services: Daemon: delta 1461482019000 genoff 1461482019000 
04-24 15:59:35.747   267  4537 D QC-time-services: Daemon:genoff_persistent_update: Writing genoff = 1461482019000 to memory
04-24 15:59:35.747   267  4537 D QC-time-services: Daemon:Opening File: /data/time/ats_13
04-24 15:59:35.747   267  4537 D QC-time-services: Daemon:time_persistent_memory_opr:Genoff write operation 
04-24 15:59:35.767   247   434 E QC-time-services: Receive Passed == base = 13, unit = 1, operation = 0, result = 0
04-24 15:59:35.767   267   477 E QC-time-services: Daemon: Time-services: Waiting to acceptconnection
04-24 15:59:35.008   267   477 D QC-time-services: Daemon: Connection accepted:time_genoff
04-24 15:59:35.008   267  4538 D QC-time-services: Daemon:Received base = 2, unit = 1, operation = 1,value = 0
04-24 15:59:35.008   267  4538 D QC-time-services: Daemon:genoff_opr: Base = 2, val = 0, operation = 1
04-24 15:59:35.008   267  4538 D QC-time-services: Daemon: genoff get for 2
04-24 15:59:35.008   267  4538 D QC-time-services: Daemon:rtc_get: Time read from RTC -- MM/DD/YY HH:MM:SS0/1/70 0:45:56
04-24 15:59:35.008   267  4538 D QC-time-services: Daemon:Value read from RTC seconds = 2756000
04-24 15:59:35.008   267  4538 D QC-time-services: Daemon:Value read from generic offset = 1461482018492
04-24 15:59:35.008   267  4538 D QC-time-services: Daemon:Final Time = 1461484774492
04-24 15:59:35.008   251   251 D QC-time-services: Lib:time_genoff_operation: pargs->base = 2
04-24 15:59:35.008   251   251 D QC-time-services: Lib:time_genoff_operation: pargs->operation = 0
04-24 15:59:35.008   251   251 D QC-time-services: Lib:time_genoff_operation: pargs->ts_val = 1461484773717
04-24 15:59:35.008   251   251 D QC-time-services: Lib:time_genoff_operation: Send to server  passed!!
04-24 15:59:35.008   267   477 E QC-time-services: Daemon: Time-services: Waiting to acceptconnection
04-24 15:59:35.008   267   477 D QC-time-services: Daemon: Connection accepted:time_genoff
04-24 15:59:35.008   267  4539 D QC-time-services: Daemon:Received base = 2, unit = 1, operation = 0,value = 1461484773717
04-24 15:59:35.008   267  4539 D QC-time-services: Daemon:genoff_opr: Base = 2, val = 1461484773717, operation = 0
04-24 15:59:35.008   267  4539 D QC-time-services: Daemon:rtc_get: Time read from RTC -- MM/DD/YY HH:MM:SS0/1/70 0:45:56
04-24 15:59:35.008   267  4539 D QC-time-services: Daemon:Value read from RTC seconds = 2756000
04-24 15:59:35.008   267  4539 D QC-time-services: Daemon:new time 1461484773717 
04-24 15:59:35.008   267  4539 D QC-time-services: Daemon: delta 1461482017717 genoff 1461482017717 
04-24 15:59:35.008   267  4539 D QC-time-services: Daemon:genoff_persistent_update: Writing genoff = 1461482017717 to memory
04-24 15:59:35.008   267  4539 D QC-time-services: Daemon:Opening File: /data/time/ats_2
04-24 15:59:35.008   267  4539 D QC-time-services: Daemon:time_persistent_memory_opr:Genoff write operation 
04-24 15:59:35.018   267  4539 D QC-time-services: Updating the TOD offset
04-24 15:59:35.018   267  4539 D QC-time-services: Daemon:genoff_persistent_update: Writing genoff = 1461482017717 to memory
04-24 15:59:35.018   267  4539 D QC-time-services: Daemon:Opening File: /data/time/ats_1
04-24 15:59:35.018   267  4539 D QC-time-services: Daemon:time_persistent_memory_opr:Genoff write operation 
04-24 15:59:35.018   251   251 E QC-time-services: Receive Passed == base = 2, unit = 1, operation = 0, result = 0
04-24 15:59:35.028   267  4539 E QC-time-services: Daemon:Update to modem bit set
04-24 15:59:35.028   267  4539 D QC-time-services: Daemon:genoff_send_modem: Sending data to MODEM !
04-24 15:59:35.028   267  4539 D QC-time-services: Daemon: Base = 2, Value being sent to MODEM = 1145517217717
04-24 15:59:35.028   267   475 E QC-time-services: Daemon:tod_update_ind_cb: Got Update from modem msg_id 40
04-24 15:59:35.028   267   477 E QC-time-services: Daemon: Time-services: Waiting to acceptconnection
04-24 15:59:35.138   251   251 I Gecko   : [SUB0] QCONTENT_HELPER Received observer notification: mozsettings-changed
04-24 15:59:35.208   251   251 I Gecko   : [SUB0] QCONTENT_HELPER Received observer notification: mozsettings-changed
04-24 15:59:35.767   251   251 I Gecko   : QTIME_SERVICE Applying NITZ: 16/04/24,07:59:35+32,00 delay=6
04-24 15:59:36.506   251  2429 I qdhwcomposer: handle_blank_event: dpy:0 panel power state: 0
04-24 15:59:36.506   251  2429 E qdutils : int qdutils::getHDMINode(): Failed to open fb node 1
04-24 15:59:36.506   251  2429 E qdutils : int qdutils::getHDMINode(): Failed to open fb node 2
04-24 15:59:36.506   251  2429 E qdutils : int qdutils::getHDMINode(): Failed to find HDMI node
04-24 15:59:36.506   322   322 D VM_BMS  : wake_lock acquired
04-24 15:59:36.506   322   322 D VM_BMS  : New BMS data - Size=56
04-24 15:59:36.506   322   322 D VM_BMS  : Start process_bms_data
04-24 15:59:36.506   322   322 D VM_BMS  : Battery charge_cycle=0 fcc_adjust=0 rbatt_adjust=0 cycle_changed=false
04-24 15:59:36.506   322   322 D VM_BMS  : For batt_temp=234 fcc_mah=1802
04-24 15:59:36.506   322   322 D VM_BMS  : Lookup fcc_mah=1802.000000  adjusted fcc_mah=1802.000000
04-24 15:59:36.506   322   322 D VM_BMS  : For ocv=4283461 batt_temp=234 soc=97
04-24 15:59:36.506   322   322 D VM_BMS  : fifo_count=0 acc_count=17
04-24 15:59:36.506   322   322 D VM_BMS  : INIT: ocv=4283461 last_ocv=4283461 batt_temp=234 soc=97
04-24 15:59:36.506   322   322 D VM_BMS  : For soc=97 batt_temp=234 slope=13000
04-24 15:59:36.506   322   322 D VM_BMS  : For soc=97 batt_temp=234 rbatt_sf=149
04-24 15:59:36.506   322   322 D VM_BMS  : rbatt_mohm_default=150, rbatt_mohm=223, sf=149 batt_temp=234
04-24 15:59:36.506   322   322 D VM_BMS  : Lookup rbatt=223.000000  adjusted rbatt=223.000000
04-24 15:59:36.506   322   322 D VM_BMS  : For ocv=4283457 batt_temp=234 soc=97
04-24 15:59:36.506   322   322 D VM_BMS  : FIFO=0 fifo_avg=4.279396 rbatt=0.223000 slope=1.300000 ibatt=0.018219 ocv=4.283457 soc=97 fcc_ah=1.802000 sample_count=17 sample_interval=70 seq_num=60
04-24 15:59:36.506   322   322 I VM_BMS  : power_supply_update: ocv_uv=4283457 ibatt=18219 soc=97 seq_num=60
04-24 15:59:36.506   322   322 D VM_BMS  : End process_bms_data
04-24 15:59:36.506   322   322 D VM_BMS  : wake_lock released
04-24 15:59:37.505   251  2429 I qdhwcomposer: handle_blank_event: dpy:0 panel power state: 0
04-24 15:59:37.505   251  2429 E qdutils : int qdutils::getHDMINode(): Failed to open fb node 1
04-24 15:59:37.505   251  2429 E qdutils : int qdutils::getHDMINode(): Failed to open fb node 2
04-24 15:59:37.505   251  2429 E qdutils : int qdutils::getHDMINode(): Failed to find HDMI node
04-24 15:59:37.505   322   322 D VM_BMS  : wake_lock acquired
04-24 15:59:37.505   322   322 D VM_BMS  : New BMS data - Size=56
04-24 15:59:37.505   322   322 D VM_BMS  : Start process_bms_data
04-24 15:59:37.505   322   322 D VM_BMS  : Battery charge_cycle=0 fcc_adjust=0 rbatt_adjust=0 cycle_changed=false
04-24 15:59:37.505   247   434 D QC-time-services: Lib:time_genoff_operation: pargs->base = 12
04-24 15:59:37.505   247   434 D QC-time-services: Lib:time_genoff_operation: pargs->operation = 0
04-24 15:59:37.505   247   434 D QC-time-services: Lib:time_genoff_operation: pargs->ts_val = 1461484777000
04-24 15:59:37.505   247   434 D QC-time-services: Lib:time_genoff_operation: Send to server  passed!!
04-24 15:59:37.505   267   477 D QC-time-services: Daemon: Connection accepted:time_genoff
04-24 15:59:37.505   267  4543 D QC-time-services: Daemon:Received base = 12, unit = 1, operation = 0,value = 1461484777000
04-24 15:59:37.505   322   322 D VM_BMS  : For batt_temp=235 fcc_mah=1802
04-24 15:59:37.505   322   322 D VM_BMS  : Lookup fcc_mah=1802.000000  adjusted fcc_mah=1802.000000
04-24 15:59:37.505   322   322 D VM_BMS  : For ocv=4283457 batt_temp=235 soc=97
04-24 15:59:37.505   322   322 D VM_BMS  : fifo_count=0 acc_count=7
04-24 15:59:37.505   322   322 D VM_BMS  : INIT: ocv=4283457 last_ocv=4283457 batt_temp=235 soc=97
04-24 15:59:37.505   322   322 D VM_BMS  : For soc=97 batt_temp=235 slope=13000
04-24 15:59:37.505   322   322 D VM_BMS  : For soc=97 batt_temp=235 rbatt_sf=148
04-24 15:59:37.505   322   322 D VM_BMS  : rbatt_mohm_default=150, rbatt_mohm=222, sf=148 batt_temp=235
04-24 15:59:37.505   322   322 D VM_BMS  : Lookup rbatt=222.000000  adjusted rbatt=222.000000
04-24 15:59:37.505   322   322 D VM_BMS  : For ocv=4283458 batt_temp=235 soc=97
04-24 15:59:37.505   322   322 D VM_BMS  : FIFO=0 fifo_avg=4.287946 rbatt=0.222000 slope=1.300000 ibatt=-0.020218 ocv=4.283459 soc=97 fcc_ah=1.802000 sample_count=7 sample_interval=70 seq_num=61
04-24 15:59:37.505   322   322 I VM_BMS  : power_supply_update: ocv_uv=4283458 ibatt=-20218 soc=97 seq_num=61
